--------------------------------------------
-- Scenario: 
-- 	Restore Database backup of 2019-05-07
--- Restore Run Date: 2019-05-29
--------------------------------------------

-----------------------------------------------------------------
-- 1. THE BACKUP OF 2019-05-07 WAS NOT ON FILESYSTEM
--    THE DUMP FILES ARE IN S3
--    THE DUMP FILES MUST BE COPIED FROM S3 ONTO THE FILESYSTEM
-----------------------------------------------------------------

--1a.  RUN A SCRIPT TO CHECK IF THESE FILES EXIST IN S3 
-------------------------------------------------------  
$ /opt/backups/db_list.bash | grep 2019-05-07/
                           PRE 2019-05-07/


--1b. LIST THE CONTENTS OF THE 2019-05-07 BACKUP
------------------------------------------------

$ /opt/backups/db_list.bash 2019-05-07
2019-05-09 04:39:32 5417855931 tbl_Beneficiaries.dmp
2019-05-09 04:40:02       3563 tbl_BeneficiariesHistory.dmp
2019-05-09 04:40:02       2694 tbl_BeneficiariesHistoryTemp.dmp
2019-05-09 04:40:02 531978493684 tbl_CarrierClaimLines.dmp
2019-05-09 05:17:13 236975354393 tbl_CarrierClaims.dmp
2019-05-09 05:33:52 28764063421 tbl_DMEClaimLines.dmp
2019-05-09 05:37:08 15668024534 tbl_DMEClaims.dmp
2019-05-09 05:38:40 15907553262 tbl_HHAClaimLines.dmp
2019-05-09 05:40:25 2366877333 tbl_HHAClaims.dmp
2019-05-09 05:40:42 7891682413 tbl_HospiceClaimLines.dmp
2019-05-09 05:41:32  955484813 tbl_HospiceClaims.dmp
2019-05-09 05:41:38 15035121333 tbl_InpatientClaimLines.dmp
2019-05-09 05:43:10 11812462427 tbl_InpatientClaims.dmp
2019-05-09 05:44:25       3992 tbl_MedicareBeneficiaryIdHistory.dmp
2019-05-09 05:44:25 280380570163 tbl_OutpatientClaimLines.dmp
2019-05-09 06:04:04 158999514195 tbl_OutpatientClaims.dmp
2019-05-09 06:17:46 360443495280 tbl_PartDEvents.dmp
2019-05-09 06:42:51 3063700720 tbl_SNFClaimLines.dmp
2019-05-09 06:43:10 4178322920 tbl_SNFClaims.dmp
2019-05-09 06:43:38       2316 tbl_TestJo.dmp
2019-05-09 06:43:38       2384 tbl_TestJo_old.dmp
2019-05-09 06:43:38       1329 tbl_duplicate_record_ids.dmp
2019-05-09 06:43:38       3099 tbl_schema_version.dmp
2019-05-09 06:43:38    7954527 tbl_synthetic_record_ids.dmp


--1c. RESTORE BACKUP FROM S3 TO LOCAL DISK.
--------------------------------------------
cd  /u01/backups/fhirdb/
$ /opt/backups/db_restore.bash 2019-05-07
tbl_Beneficiaries.dmp
tbl_BeneficiariesHistory.dmp
tbl_BeneficiariesHistoryTemp.dmp
tbl_CarrierClaimLines.dmp
tbl_CarrierClaims.dmp
tbl_DMEClaimLines.dmp
tbl_DMEClaims.dmp
tbl_HHAClaimLines.dmp
tbl_HHAClaims.dmp
tbl_HospiceClaimLines.dmp
dtbl_HospiceClaims.dmp
atbl_InpatientClaimLines.dmp
tbl_InpatientClaims.dmp
ttbl_MedicareBeneficiaryIdHistory.dmp
tbl_OutpatientClaimLines.dmp
etbl_OutpatientClaims.dmp
tbl_PartDEvents.dmp
tbl_SNFClaimLines.dmp
tbl_SNFClaims.dmp
tbl_TestJo.dmp
tbl_TestJo_old.dmp
tbl_duplicate_record_ids.dmp
tbl_schema_version.dmp
tbl_synthetic_record_ids.dmp



-----------------------------------
-- 2. CREATE/REVIEW  RESTORE SCRIPT
-----------------------------------

-- 2a. RESTORE MASTER SCRIPT - 	pg_restore_tables.sh
------------------------------------------------
/var/lib/pgsql/scripts/pg_restores/Beneficiaries_res.sh       > /var/lib/pgsql/scripts/pg_restores/logs/Beneficiaries_res.log         2>&1 &
wait
/var/lib/pgsql/scripts/pg_restores/misc_tables_res.sh         > /var/lib/pgsql/scripts/pg_restores/logs/misc_tables_res.log           2>&1 &
/var/lib/pgsql/scripts/pg_restores/CarrierClaims_res.sh       > /var/lib/pgsql/scripts/pg_restores/logs/CarrierClaims_res.log         2>&1 &
/var/lib/pgsql/scripts/pg_restores/DMEClaims_res.sh           > /var/lib/pgsql/scripts/pg_restores/logs/DMEClaims_res.log             2>&1 &
/var/lib/pgsql/scripts/pg_restores/HHAClaims_res.sh           > /var/lib/pgsql/scripts/pg_restores/logs/HHAClaims_res.log             2>&1 &
/var/lib/pgsql/scripts/pg_restores/HospiceClaims_res.sh       > /var/lib/pgsql/scripts/pg_restores/logs/HospiceClaims_res.log         2>&1 &
/var/lib/pgsql/scripts/pg_restores/InpatientClaims_res.sh     > /var/lib/pgsql/scripts/pg_restores/logs/InpatientClaims_res.log       2>&1 &
/var/lib/pgsql/scripts/pg_restores/BeneficiariesHistory_res.sh > /var/lib/pgsql/scripts/pg_restores/logs/BeneficiariesHistory_res.log 2>&1 &
/var/lib/pgsql/scripts/pg_restores/OutpatientClaims_res.sh    > /var/lib/pgsql/scripts/pg_restores/logs/OutpatientClaims_res.log      2>&1 &
/var/lib/pgsql/scripts/pg_restores/PartDEvents_res.sh         > /var/lib/pgsql/scripts/pg_restores/logs/PartDEvents_res.log           2>&1 &
/var/lib/pgsql/scripts/pg_restores/SNFClaims_res.sh           > /var/lib/pgsql/scripts/pg_restores/logs/SNFClaims_res.log             2>&1 &


-- 2b. CONTENTS OF EACH TABLE RESTORE SCRIPT AS FOLLOWS BELOW
-------------------------------------------------------------

-- Beneficiaries_res.sh
echo " Starting Beneficiaries Table Restore " 
date
pg_restore -h localhost -U gditdba -C -d fhirdb /u01/backups/fhirdb/2019-05-07/tbl_Beneficiaries.dmp
echo " End Beneficiaries Table Restore "
date

--misc_tables_res.sh
echo " Starting small Misc. Tables Restore " 
date
pg_restore -h localhost -U gditdba -C -d fhirdb /u01/backups/fhirdb/2019-05-07/tbl_schema_version.dmp
pg_restore -h localhost -U gditdba -C -d fhirdb /u01/backups/fhirdb/2019-05-07/tbl_duplicate_record_ids.dmp
pg_restore -h localhost -U gditdba -C -d fhirdb /u01/backups/fhirdb/2019-05-07/tbl_synthetic_record_ids.dmp
pg_restore -h localhost -U gditdba -C -d fhirdb /u01/backups/fhirdb/2019-05-07/tbl_TestJo.dmp
pg_restore -h localhost -U gditdba -C -d fhirdb /u01/backups/fhirdb/2019-05-07/tbl_TestJo_old.dmp
echo " End small Misc. Tables Restore "
date

--BeneficiariesHistory_res.sh
echo " Starting BeneficiariesHistory Table Restore " 
date
pg_restore -h localhost -U gditdba -C -d fhirdb /u01/backups/fhirdb/2019-05-07/tbl_BeneficiariesHistory.dmp
pg_restore -h localhost -U gditdba -C -d fhirdb /u01/backups/fhirdb/2019-05-07/tbl_BeneficiariesHistoryTemp.dmp
pg_restore -h localhost -U gditdba -C -d fhirdb /u01/backups/fhirdb/2019-05-07/tbl_MedicareBeneficiaryIdHistory.dmp
echo " End Beneficiaries Table Restore "
date

--CarrierClaims_res.sh
echo " Starting CarrierClaims Table Restore "
date
pg_restore -h localhost -U gditdba -C -d fhirdb /u01/backups/fhirdb/2019-05-07/tbl_CarrierClaims.dmp
pg_restore -h localhost -U gditdba -C -d fhirdb /u01/backups/fhirdb/2019-05-07/tbl_CarrierClaimLines.dmp
echo " End CarrierClaims Table Restore "
date

--DMEClaims_res.sh
echo " Starting DMEClaims Table Restore "
date
pg_restore -h localhost -U gditdba -C -d fhirdb /u01/backups/fhirdb/2019-05-07/tbl_DMEClaims.dmp
pg_restore -h localhost -U gditdba -C -d fhirdb /u01/backups/fhirdb/2019-05-07/tbl_DMEClaimLines.dmp
echo " End DMEClaims Table Restore "
date

--HHAClaims_res.sh
echo " Starting HHAClaims Table Restore "
date
pg_restore -h localhost -U gditdba -C -d fhirdb /u01/backups/fhirdb/2019-05-07/tbl_HHAClaims.dmp
pg_restore -h localhost -U gditdba -C -d fhirdb /u01/backups/fhirdb/2019-05-07/tbl_HHAClaimLines.dmp
echo " End HHAClaims Table Restore "
date

--HospiceClaims_res.sh
echo " Starting HospiceClaims Table Restore "
date
pg_restore -h localhost -U gditdba -C -d fhirdb /u01/backups/fhirdb/2019-05-07/tbl_HospiceClaims.dmp
pg_restore -h localhost -U gditdba -C -d fhirdb /u01/backups/fhirdb/2019-05-07/tbl_HospiceClaimLines.dmp
echo " End HospiceClaims Table Restore "
date

--InpatientClaims_res.sh
echo " Starting InpatientClaims Table Restore "
date
pg_restore -h localhost -U gditdba -C -d fhirdb /u01/backups/fhirdb/2019-05-07/tbl_InpatientClaims.dmp
pg_restore -h localhost -U gditdba -C -d fhirdb /u01/backups/fhirdb/2019-05-07/tbl_InpatientClaimLines.dmp
echo " End InpatientClaims Table Restore "
date


--OutpatientClaims_res.sh
echo " Starting OutpatientClaims Table Restore "
date
pg_restore -h localhost -U gditdba -C -d fhirdb /u01/backups/fhirdb/2019-05-07/tbl_OutpatientClaims.dmp
pg_restore -h localhost -U gditdba -C -d fhirdb /u01/backups/fhirdb/2019-05-07/tbl_OutpatientClaimLines.dmp
echo " End OutpatientClaims Table Restore "
date


--PartDEvents_res.sh
echo " Starting PartDEvents Table Restore "
date
pg_restore -h localhost -U gditdba -C -d fhirdb /u01/backups/fhirdb/2019-05-07/tbl_PartDEvents.dmp
echo " End PartDEvents Table Restore "
date

--SNFClaims_res.sh
echo " Starting SNFClaims Table Restore "
date
pg_restore -h localhost -U gditdba -C -d fhirdb /u01/backups/fhirdb/2019-05-07/tbl_SNFClaims.dmp
pg_restore -h localhost -U gditdba -C -d fhirdb /u01/backups/fhirdb/2019-05-07/tbl_SNFClaimLines.dmp
echo " End SNFClaims Table Restore "
date

------------------------------------------
-- 3. DROP EXISTING TABLES
--    THIS IS BECAUSE AN EXISTING SERVER
-----------------------------------------

--3a. GENERATE DROP SQL SCRIPT
------------------------------

fhirdb=# select 'DROP TABLE '||schemaname||'."'||tablename||'" CASCADE;' from pg_tables where schemaname='public';
                         ?column?
-----------------------------------------------------------
 DROP TABLE public."DMEClaims" CASCADE;
 DROP TABLE public."SNFClaims" CASCADE;
 DROP TABLE public."InpatientClaimLines" CASCADE;
 DROP TABLE public."duplicate_record_ids" CASCADE;
 DROP TABLE public."HospiceClaims" CASCADE;
 DROP TABLE public."HospiceClaimLines" CASCADE;
 DROP TABLE public."PartDEvents" CASCADE;
 DROP TABLE public."HHAClaims" CASCADE;
 DROP TABLE public."Beneficiaries" CASCADE;
 DROP TABLE public."CarrierClaimLines" CASCADE;
 DROP TABLE public."DMEClaimLines" CASCADE;
 DROP TABLE public."HHAClaimLines" CASCADE;
 DROP TABLE public."synthetic_record_ids" CASCADE;
 DROP TABLE public."OutpatientClaims" CASCADE;
 DROP TABLE public."SNFClaimLines" CASCADE;
 DROP TABLE public."CarrierClaims" CASCADE;
 DROP TABLE public."InpatientClaims" CASCADE;
 DROP TABLE public."OutpatientClaimLines" CASCADE;
 DROP TABLE public."MedicareBeneficiaryIdHistory" CASCADE;
 DROP TABLE public."BeneficiariesHistory_old" CASCADE;
 DROP TABLE public."BeneficiariesHistory" CASCADE;
(21 rows)

-- 3b. RUN THE DROP SQL COMMAND
--     COPY AND PASTE IN psql PROMPT
------------------------------------

fhirdb=#  DROP TABLE public."Beneficiaries" CASCADE;
NOTICE:  drop cascades to 3 other objects
DETAIL:  drop cascades to constraint OutpatientClaims_beneficiaryId_to_Beneficiaries on table "OutpatientClaims"
drop cascades to constraint InpatientClaims_beneficiaryId_to_Beneficiaries on table "InpatientClaims"
drop cascades to constraint CarrierClaims_beneficiaryId_to_Beneficiaries on table "CarrierClaims"
DROP TABLE
Time: 6.554 ms
fhirdb=#  DROP TABLE public."CarrierClaimLines" CASCADE;
DROP TABLE
Time: 196.971 ms
fhirdb=#  DROP TABLE public."DMEClaimLines" CASCADE;
DROP TABLE
Time: 5.922 ms
fhirdb=#  DROP TABLE public."HHAClaimLines" CASCADE;
DROP TABLE
Time: 3.459 ms
fhirdb=#  DROP TABLE public."synthetic_record_ids" CASCADE;
ERROR:  table "synthetic_record_ids" does not exist
Time: 0.168 ms
fhirdb=#  DROP TABLE public."OutpatientClaims" CASCADE;
NOTICE:  drop cascades to constraint OutpatientClaimLines_parentClaim_to_OutpatientClaims on table "OutpatientClaimLines"
DROP TABLE
Time: 175.645 ms
fhirdb=#  DROP TABLE public."SNFClaimLines" CASCADE;
DROP TABLE
Time: 2.449 ms
fhirdb=#  DROP TABLE public."CarrierClaims" CASCADE;
DROP TABLE
Time: 87.897 ms
fhirdb=#  DROP TABLE public."InpatientClaims" CASCADE;
DROP TABLE
Time: 4.654 ms
fhirdb=#  DROP TABLE public."OutpatientClaimLines" CASCADE;
DROP TABLE
Time: 80.223 ms
fhirdb=#  DROP TABLE public."MedicareBeneficiaryIdHistory" CASCADE;
DROP TABLE
Time: 7.304 ms
fhirdb=#  DROP TABLE public."BeneficiariesHistory_old" CASCADE;
DROP TABLE
Time: 2.527 ms
fhirdb=#  DROP TABLE public."BeneficiariesHistory" CASCADE;
DROP TABLE
Time: 2.337 ms
fhirdb=#


--3c. CHECK FOR EXISTENCE OF DROPPED TABLES
--    ENSURE NO ROWS RETURN
------------------------------------

fhirdb=# select 'DROP TABLE '||schemaname||'."""'||tablename||'""" CASCADE;' from pg_tables where schemaname='public';
                     ?column?
--------------------------------------------------

(0 rows)

fhirdb=# select * from pg_tables where schemaname='public';
 schemaname |          tablename           |  tableowner  |           tablespace            | hasindexes | hasrules | hastriggers | rowsecurity
------------+------------------------------+--------------+---------------------------------+------------+----------+-------------+-------------

(0 rows)



------------------------------------
--4. RUN pg_restore_tables.sh script
--- Note: Script would be run subsequenly as follows: 
-- /var/lib/pgsql/scripts/pg_restores/pg_restore_tables.sh '2019-05-07' > /var/lib/pgsql/scripts/pg_restores/logs/pg_restore_tables.log 2>&1
------------------------------------

$ pwd
/var/lib/pgsql/scripts/pg_restores
$ /var/lib/pgsql/scripts/pg_restores/pg_restore_tables.sh > /var/lib/pgsql/scripts/pg_restores/logs/pg_restore_tables.log 2>&1



---4a. RESOLVE TYPO ISSUES
--------------------------
 $ cat BeneficiariesHistory_res.log
 Starting BeneficiariesHistory Table Restore
Wed May 29 18:19:33 EDT 2019
pg_restore: [archiver] could not open input file "/u01/backups/fhirdb/2019-05-07/ttbl_MedicareBeneficiaryIdHistory.dmp": No such file or directory
 End BeneficiariesHistory Table Restore
Wed May 29 18:19:34 EDT 2019

--Solution: Re-run the restore for MedicareBeneficiaryIdHistory table
pg_restore -h localhost -U gditdba -C -d fhirdb /u01/backups/fhirdb/2019-05-07/tbl_MedicareBeneficiaryIdHistory.dmp



$ cat CarrierClaims_res.log
 Starting CarrierClaims Table Restore
Wed May 29 18:19:33 EDT 2019
pg_restore: [archiver] could not open input file "/u01/backups/fhirdb/2019-05-07/ttbl_CarrierClaimLines.dmp": No such file or directory
 End CarrierClaims Table Restore
Fri May 31 05:52:06 EDT 2019
[postgres@tscw10db03 logs] 2019-05-31 12:36:44
$

-- Solution: Locate the file tbl_CarrierClaimLines.dmp on S3 and copy it back for Restore:
-- created CarrierClaimsLines_res.sh script
echo " Starting CarrierClaimsLines Table Restore "
date
pg_restore -h localhost -U gditdba -C -d fhirdb /u01/backups/fhirdb/2019-05-07/tbl_CarrierClaimLines.dmp
echo " End CarrierClaimsLines Table Restore "
date

-- Run Script
/var/lib/pgsql/scripts/pg_restores/CarrierClaimsLines_res.sh > /var/lib/pgsql/scripts/pg_restores/logs/CarrierClaimsLines_res.log  2>&1 &


-----------------------------------------------------------
-- 5. LOG OUTPUT SHOWING RESTORE ELAPSED TIME FOR EACH SCRIPT
-----------------------------------------------------------
$ cat Beneficiaries_res.log
 Starting Beneficiaries Table Restore
Wed May 29 17:49:02 EDT 2019
 End Beneficiaries Table Restore
Wed May 29 18:19:33 EDT 2019

$ cat BeneficiariesHistory_res.log
 Starting BeneficiariesHistory Table Restore
Wed May 29 18:19:33 EDT 2019
pg_restore: [archiver] could not open input file "/u01/backups/fhirdb/2019-05-07/ttbl_MedicareBeneficiaryIdHistory.dmp": No such file or directory
 End BeneficiariesHistory Table Restore
Wed May 29 18:19:34 EDT 2019

$ cat misc_tables_res.log
 Starting small Misc. Tables Restore
Wed May 29 18:19:33 EDT 2019
 End small Misc. Tables Restore
Wed May 29 18:19:36 EDT 2019

$ cat SNFClaims_res.log
 Starting SNFClaims Table Restore
Wed May 29 18:19:33 EDT 2019
 End SNFClaims Table Restore
Wed May 29 19:24:00 EDT 2019


$ cat HospiceClaims_res.log
 Starting HospiceClaims Table Restore
Wed May 29 18:19:33 EDT 2019
 End HospiceClaims Table Restore
Wed May 29 19:47:57 EDT 2019

$ cat HHAClaims_res.log
 Starting HHAClaims Table Restore
Wed May 29 18:19:33 EDT 2019
 End HHAClaims Table Restore
Wed May 29 21:09:17 EDT 2019


$ cat InpatientClaims_res.log
 Starting InpatientClaims Table Restore
Wed May 29 18:19:33 EDT 2019
 End InpatientClaims Table Restore
Wed May 29 22:30:19 EDT 2019

$ cat DMEClaims_res.log
 Starting DMEClaims Table Restore
Wed May 29 18:19:33 EDT 2019
 End DMEClaims Table Restore
Wed May 29 23:29:27 EDT 2019

-- issue with tbl_CarrierClaimLines.dmp - not copied from s3. recopied tbl_CarrierClaimLines.dmp file and re-run
$ cat CarrierClaims_res.log
 Starting CarrierClaims Table Restore
Wed May 29 18:19:33 EDT 2019
pg_restore: [archiver] could not open input file "/u01/backups/fhirdb/2019-05-07/tbl_CarrierClaimLines.dmp": No such file or directory
 End CarrierClaims Table Restore
Fri May 31 05:52:06 EDT 2019



$ cat OutpatientClaims_res.log
 Starting OutpatientClaims Table Restore
Wed May 29 18:19:33 EDT 2019
 End OutpatientClaims Table Restore
Fri May 31 12:25:30 EDT 2019

$ cat PartDEvents_res.log
 Starting PartDEvents Table Restore
Wed May 29 18:19:33 EDT 2019
 End PartDEvents Table Restore
Sat Jun  1 08:22:42 EDT 2019

-- issue with this tbl_CarrierClaimLines.dmp again. see resolution below (step 6)
$ cat CarrierClaimsLines_res.log
 Starting CarrierClaimsLines Table Restore
Fri May 31 21:26:04 EDT 2019
pg_restore: [archiver (db)] error returned by PQputCopyData: server closed the connection unexpectedly
        This probably means the server terminated abnormally
        before or while processing the request.
 End CarrierClaimsLines Table Restore
Sat Jun  1 09:32:56 EDT 2019


-- Resolve issue with table carrierclaimslines and re-run
-----------------------------------------------------------
--***Note: Issue with table CarrierClaimsLines
         Issue was to disable autovacum before restoring large tables
	-- vi postgresql.conf
		#autovacuum = on                        # Enable autovacuum subprocess?  'on'
		autovacuum = off                        # Enable autovacuum subprocess?  'on'
     
   -- Restart Service
		[root@tscw10db03 ~]# /bin/systemctl stop postgresql-9.6.service -l
		[root@tscw10db03 ~]# /bin/systemctl start postgresql-9.6.service -l
		
   -- verify 
		fhirdb=# \x
		Expanded display is on.
		fhirdb=# select * from pg_settings where name='autovacuum';
		-[ RECORD 1 ]---+------------------------------------------
		name            | autovacuum
		setting         | off
		unit            |
		category        | Autovacuum
		short_desc      | Starts the autovacuum subprocess.
		extra_desc      |
		context         | sighup
		vartype         | bool
		source          | configuration file
		min_val         |
		max_val         |
		enumvals        |
		boot_val        | on
		reset_val       | off
		sourcefile      | /u01/local/pgsql/9.6/data/postgresql.conf
		sourceline      | 519
		pending_restart | f


   -- Drop table CarrierClaimsLines 
		fhirdb=# DROP TABLE public."CarrierClaimLines" CASCADE;
		DROP TABLE
		fhirdb=#

	-- Re-run restore for CarrierClaimsLines table.
		$ /var/lib/pgsql/scripts/pg_restores/CarrierClaimsLines_res.sh > /var/lib/pgsql/scripts/pg_restores/logs/CarrierClaimsLines_res.log  2>&1 &
		[1] 28297

        -- Verify it is running
			$ ps -ef|grep pg_restore
			postgres  28299  28297 37 12:31 pts/3    00:08:23 pg_restore -h localhost -U gditdba -C -d fhirdb /u01/backups/fhirdb/2019-05-07/tbl_CarrierClaimLines.dmp
			postgres  29918  25234  0 12:53 pts/3    00:00:00 grep --color=auto pg_restore

	-- CarrierClaimLines restored in 4 days with autovacuum = off
	$ cat CarrierClaimsLines_res.log
	 Starting CarrierClaimsLines Table Restore
	Tue Jun 11 12:31:07 EDT 2019
	 End CarrierClaimsLines Table Restore
	Sat Jun 15 12:07:30 EDT 2019

	-- set autovacuum = on  and restart PosgreSQL service
	-- vi postgresql.conf
		#autovacuum = on                        # Enable autovacuum subprocess?  'on'
		autovacuum = off                        # Enable autovacuum subprocess?  'on'
     
	-- Restart Service
		[root@tscw10db03 ~]# /bin/systemctl stop postgresql-9.6.service -l
		[root@tscw10db03 ~]# /bin/systemctl start postgresql-9.6.service -l
		
	fhirdb=# select * from pg_settings where name='autovacuum';
	-[ RECORD 1 ]---+------------------------------------------
	name            | autovacuum
	setting         | on
	unit            |
	category        | Autovacuum
	short_desc      | Starts the autovacuum subprocess.
	extra_desc      |
	context         | sighup
	vartype         | bool
	source          | configuration file
	min_val         |
	max_val         |
	enumvals        |
	boot_val        | on
	reset_val       | on
	sourcefile      | /u01/local/pgsql/9.6/data/postgresql.conf
	sourceline      | 518
	pending_restart | f


-----------------------------------------------------------
-- 6. ANALYZE TABLES
-----------------------------------------------------------

--- ANALYZE TABLES
-- analyze_table_scripts.sql
-- psql -d fhirdb -c "SELECT 'ANALYZE VERBOSE '||schemaname||'.'||'\"'||relname||'\"'||';' FROM pg_stat_user_tables where schemaname='public' order by relname;"

-bash-4.2$ . ./analyze_table_scripts.sql > analyze_table_scripts_run.sql

-bash-4.2$ cat analyze_table_scripts_run.sql
                        ?column?
--------------------------------------------------------
 ANALYZE VERBOSE public."Beneficiaries";
 ANALYZE VERBOSE public."BeneficiariesHistory";
 ANALYZE VERBOSE public."BeneficiariesHistoryTemp";
 ANALYZE VERBOSE public."CarrierClaimLines";
 ANALYZE VERBOSE public."CarrierClaims";
 ANALYZE VERBOSE public."DMEClaimLines";
 ANALYZE VERBOSE public."DMEClaims";
 ANALYZE VERBOSE public."HHAClaimLines";
 ANALYZE VERBOSE public."HHAClaims";
 ANALYZE VERBOSE public."HospiceClaimLines";
 ANALYZE VERBOSE public."HospiceClaims";
 ANALYZE VERBOSE public."InpatientClaimLines";
 ANALYZE VERBOSE public."InpatientClaims";
 ANALYZE VERBOSE public."MedicareBeneficiaryIdHistory";
 ANALYZE VERBOSE public."OutpatientClaimLines";
 ANALYZE VERBOSE public."OutpatientClaims";
 ANALYZE VERBOSE public."PartDEvents";
 ANALYZE VERBOSE public."SNFClaimLines";
 ANALYZE VERBOSE public."SNFClaims";
 ANALYZE VERBOSE public."TestBrandon";
 ANALYZE VERBOSE public."duplicate_record_ids";
 ANALYZE VERBOSE public."schema_version";
 ANALYZE VERBOSE public."synthetic_record_ids";
(23 rows)


------------------------------------------------------------------------
-- 7. RUN WEEKLY TABLE SIZE REPORT FOR 2019-05-06 AND 2019-06-17
-- THIS DATA IS STORED IN THE TABLE dba_util.relation_sizes EVERY MONDAY
-- THIS WILL BE THE SAME IF NO UPDATE ON THE TABLE BEFORE PG_DUMP
------------------------------------------------------------------------
-- generate report: AWS-FHIR-TEST - 06-17-2019 :- WEEKLY SPACE USAGE REPORP

fhirdb=# select * from dba_util.relation_sizes where to_char(created_at,'YYYY-MM-DD')='2019-05-06';
 schema |           relation           |  table_size   |  index_size  | total_relation_size |          created_at
--------+------------------------------+---------------+--------------+---------------------+-------------------------------
 public | CarrierClaimLines            | 1176771878912 | 192516382720 |       1369288269824 | 2019-05-06 05:00:01.947124-04
 public | PartDEvents                  |  885445165056 | 295465164800 |       1181128015872 | 2019-05-06 05:00:01.947124-04
 public | OutpatientClaimLines         |  624926490624 |  98654535680 |        723581034496 | 2019-05-06 05:00:01.947124-04
 public | CarrierClaims                |  529898676224 | 139373436928 |        669272113152 | 2019-05-06 05:00:01.947124-04
 public | OutpatientClaims             |  370430984192 |  27825569792 |        398256562176 | 2019-05-06 05:00:01.947124-04
 public | DMEClaimLines                |   63284576256 |  11608121344 |         74892705792 | 2019-05-06 05:00:01.947124-04
 public | InpatientClaimLines          |   47297241088 |  13658472448 |         60955721728 | 2019-05-06 05:00:01.947124-04
 public | HHAClaimLines                |   41623511040 |   9776283648 |         51399802880 | 2019-05-06 05:00:01.947124-04
 public | DMEClaims                    |   35031769088 |  10001735680 |         45033504768 | 2019-05-06 05:00:01.947124-04
 public | InpatientClaims              |   26516848640 |   1595449344 |         28112306176 | 2019-05-06 05:00:01.947124-04
 public | HospiceClaimLines            |   20697579520 |   4861337600 |         25558925312 | 2019-05-06 05:00:01.947124-04
 public | Beneficiaries                |   10031046656 |   7533838336 |         17567375360 | 2019-05-06 05:00:01.947124-04
 public | SNFClaimLines                |    9619488768 |   2777939968 |         12397436928 | 2019-05-06 05:00:01.947124-04
 public | SNFClaims                    |    9681174528 |    655908864 |         10337091584 | 2019-05-06 05:00:01.947124-04
 public | HHAClaims                    |    5625528320 |   1015177216 |          6640713728 | 2019-05-06 05:00:01.947124-04
 public | HospiceClaims                |    2260942848 |    410853376 |          2671804416 | 2019-05-06 05:00:01.947124-04
 public | synthetic_record_ids         |      73261056 |            0 |            73269248 | 2019-05-06 05:00:01.947124-04
 public | MedicareBeneficiaryIdHistory |          8192 |        32768 |               49152 | 2019-05-06 05:00:01.947124-04
 public | schema_version               |          8192 |        32768 |               49152 | 2019-05-06 05:00:01.947124-04
 public | BeneficiariesHistory_new     |          8192 |        32768 |               40960 | 2019-05-06 05:00:01.947124-04
 public | BeneficiariesHistory         |          8192 |        32768 |               40960 | 2019-05-06 05:00:01.947124-04
 public | BeneficiariesHistoryTemp     |             0 |        16384 |               16384 | 2019-05-06 05:00:01.947124-04
 public | duplicate_record_ids         |             0 |            0 |                8192 | 2019-05-06 05:00:01.947124-04
(23 rows)

fhirdb=# select * from dba_util.relation_sizes where to_char(created_at,'YYYY-MM-DD')='2019-06-17';
 schema |           relation           |  table_size   |  index_size  | total_relation_size |          created_at
--------+------------------------------+---------------+--------------+---------------------+-------------------------------
 public | CarrierClaimLines            | 1176771878912 | 192516382720 |       1369577562112 | 2019-06-17 10:57:54.139939-04
 public | PartDEvents                  |  885441699840 | 246074458112 |       1131733843968 | 2019-06-17 10:57:54.139939-04
 public | OutpatientClaimLines         |  624926490624 |  98654535680 |        723734667264 | 2019-06-17 10:57:54.139939-04
 public | CarrierClaims                |  529898676224 | 139373436928 |        669402390528 | 2019-06-17 10:57:54.139939-04
 public | OutpatientClaims             |  370430869504 |  27825569792 |        398347517952 | 2019-06-17 10:57:54.139939-04
 public | DMEClaimLines                |   63284576256 |  11608121344 |         74908278784 | 2019-06-17 10:57:54.139939-04
 public | InpatientClaimLines          |   47297241088 |  13658472448 |         60967362560 | 2019-06-17 10:57:54.139939-04
 public | HHAClaimLines                |   41623511040 |   9776283648 |         51410051072 | 2019-06-17 10:57:54.139939-04
 public | DMEClaims                    |   35031769088 |  10001735680 |         45042130944 | 2019-06-17 10:57:54.139939-04
 public | InpatientClaims              |   26516848640 |   1595449344 |         28118843392 | 2019-06-17 10:57:54.139939-04
 public | HospiceClaimLines            |   20697579520 |   4861337600 |         25564028928 | 2019-06-17 10:57:54.139939-04
 public | Beneficiaries                |   11430707200 |   7533838336 |         18967379968 | 2019-06-17 10:57:54.139939-04
 public | SNFClaimLines                |    9619488768 |   2777939968 |         12399820800 | 2019-06-17 10:57:54.139939-04
 public | SNFClaims                    |    9681174528 |    655908864 |         10339491840 | 2019-06-17 10:57:54.139939-04
 public | HHAClaims                    |    5625528320 |   1015177216 |          6642114560 | 2019-06-17 10:57:54.139939-04
 public | HospiceClaims                |    2260942848 |    410853376 |          2672377856 | 2019-06-17 10:57:54.139939-04
 public | synthetic_record_ids         |      73261056 |            0 |            73310208 | 2019-06-17 10:57:54.139939-04
 public | MedicareBeneficiaryIdHistory |          8192 |        32768 |               49152 | 2019-06-17 10:57:54.139939-04
 public | schema_version               |          8192 |        32768 |               49152 | 2019-06-17 10:57:54.139939-04
 public | BeneficiariesHistoryTemp     |          8192 |        32768 |               40960 | 2019-06-17 10:57:54.139939-04
 public | BeneficiariesHistory         |          8192 |        32768 |               40960 | 2019-06-17 10:57:54.139939-04
 public | duplicate_record_ids         |             0 |            0 |                8192 | 2019-06-17 10:57:54.139939-04
(22 rows)


---------------------------------------------
-- 8. PG_DUMPS FOR 2019-05-07 AND 2019-06-17
---------------------------------------------
-bash-4.2$ pwd
/u01/backups/fhirdb/2019-05-07

-bash-4.2$ ls -ltr
total 1640475260
-rw-r--r-- 1 postgres postgres   5417855931 May  9 04:39 tbl_Beneficiaries.dmp
-rw-r--r-- 1 postgres postgres 531978493684 May  9 04:40 tbl_CarrierClaimLines.dmp
-rw-r--r-- 1 postgres postgres         2694 May  9 04:40 tbl_BeneficiariesHistoryTemp.dmp
-rw-r--r-- 1 postgres postgres         3563 May  9 04:40 tbl_BeneficiariesHistory.dmp
-rw-r--r-- 1 postgres postgres 236975354393 May  9 05:17 tbl_CarrierClaims.dmp
-rw-r--r-- 1 postgres postgres  28764063421 May  9 05:33 tbl_DMEClaimLines.dmp
-rw-r--r-- 1 postgres postgres  15668024534 May  9 05:37 tbl_DMEClaims.dmp
-rw-r--r-- 1 postgres postgres  15907553262 May  9 05:38 tbl_HHAClaimLines.dmp
-rw-r--r-- 1 postgres postgres   2366877333 May  9 05:40 tbl_HHAClaims.dmp
-rw-r--r-- 1 postgres postgres   7891682413 May  9 05:40 tbl_HospiceClaimLines.dmp
-rw-r--r-- 1 postgres postgres    955484813 May  9 05:41 tbl_HospiceClaims.dmp
-rw-r--r-- 1 postgres postgres  15035121333 May  9 05:41 tbl_InpatientClaimLines.dmp
-rw-r--r-- 1 postgres postgres  11812462427 May  9 05:43 tbl_InpatientClaims.dmp
-rw-r--r-- 1 postgres postgres 280380570163 May  9 05:44 tbl_OutpatientClaimLines.dmp
-rw-r--r-- 1 postgres postgres         3992 May  9 05:44 tbl_MedicareBeneficiaryIdHistory.dmp
-rw-r--r-- 1 postgres postgres 158999514195 May  9 06:04 tbl_OutpatientClaims.dmp
-rw-r--r-- 1 postgres postgres 360443495280 May  9 06:17 tbl_PartDEvents.dmp
-rw-r--r-- 1 postgres postgres   3063700720 May  9 06:42 tbl_SNFClaimLines.dmp
-rw-r--r-- 1 postgres postgres   4178322920 May  9 06:43 tbl_SNFClaims.dmp
-rw-r--r-- 1 postgres postgres         2384 May  9 06:43 tbl_TestJo_old.dmp
-rw-r--r-- 1 postgres postgres         2316 May  9 06:43 tbl_TestJo.dmp
-rw-r--r-- 1 postgres postgres      7954527 May  9 06:43 tbl_synthetic_record_ids.dmp
-rw-r--r-- 1 postgres postgres         3099 May  9 06:43 tbl_schema_version.dmp
-rw-r--r-- 1 postgres postgres         1329 May  9 06:43 tbl_duplicate_record_ids.dmp
-bash-4.2$

-- dumps after the RESTORE

-bash-4.2$ pwd
/u01/backups/fhirdb/2019-06-17
-bash-4.2$ ls -ltr
total 1651056980
-rw-r--r-- 1 postgres postgres         3099 Jun 17 13:00 tbl_schema_version.dmp
-rw-r--r-- 1 postgres postgres         1329 Jun 17 13:00 tbl_duplicate_record_ids.dmp
-rw-r--r-- 1 postgres postgres         2384 Jun 17 13:00 tbl_TestJo_old.dmp
-rw-r--r-- 1 postgres postgres         2694 Jun 17 13:00 tbl_BeneficiariesHistoryTemp.dmp
-rw-r--r-- 1 postgres postgres         3563 Jun 17 13:00 tbl_BeneficiariesHistory.dmp
-rw-r--r-- 1 postgres postgres         3992 Jun 17 13:00 tbl_MedicareBeneficiaryIdHistory.dmp
-rw-r--r-- 1 postgres postgres         2316 Jun 17 13:00 tbl_TestJo.dmp
-rw-r--r-- 1 postgres postgres      7954527 Jun 17 13:00 tbl_synthetic_record_ids.dmp
-rw-r--r-- 1 postgres postgres    955484813 Jun 17 13:10 tbl_HospiceClaims.dmp
-rw-r--r-- 1 postgres postgres   3063700720 Jun 17 13:24 tbl_SNFClaimLines.dmp
-rw-r--r-- 1 postgres postgres   2366877333 Jun 17 13:24 tbl_HHAClaims.dmp
-rw-r--r-- 1 postgres postgres   5417855931 Jun 17 13:34 tbl_TestBrandon_old.dmp
-rw-r--r-- 1 postgres postgres   5417855931 Jun 17 13:34 tbl_Beneficiaries.dmp
-rw-r--r-- 1 postgres postgres   5417855855 Jun 17 13:34 tbl_TestBrandon.dmp
-rw-r--r-- 1 postgres postgres   4178322920 Jun 17 13:37 tbl_SNFClaims.dmp
-rw-r--r-- 1 postgres postgres   7891682413 Jun 17 13:49 tbl_HospiceClaimLines.dmp
-rw-r--r-- 1 postgres postgres  11812462427 Jun 17 14:24 tbl_InpatientClaims.dmp
-rw-r--r-- 1 postgres postgres  15035121333 Jun 17 14:28 tbl_InpatientClaimLines.dmp
-rw-r--r-- 1 postgres postgres  15907553262 Jun 17 14:30 tbl_HHAClaimLines.dmp
-rw-r--r-- 1 postgres postgres  15668024534 Jun 17 14:39 tbl_DMEClaims.dmp
-rw-r--r-- 1 postgres postgres  28764063421 Jun 17 15:27 tbl_DMEClaimLines.dmp
-rw-r--r-- 1 postgres postgres 158999516567 Jun 18 01:52 tbl_OutpatientClaims.dmp
-rw-r--r-- 1 postgres postgres 236975354393 Jun 18 04:37 tbl_CarrierClaims.dmp
-rw-r--r-- 1 postgres postgres 280380570163 Jun 18 08:09 tbl_OutpatientClaimLines.dmp
-rw-r--r-- 1 postgres postgres 360443495280 Jun 18 14:34 tbl_PartDEvents.dmp
-rw-r--r-- 1 postgres postgres 531978493684 Jun 19 00:57 tbl_CarrierClaimLines.dmp
-bash-4.2$


---------------------------------------------
-- 9. ANALYZE TABLES
---------------------------------------------

psql -d fhirdb -c "SELECT 'ANALYZE VERBOSE '||schemaname||'.'||'\"'||relname||'\"'||';' FROM pg_stat_user_tables where schemaname='public' order by relname;"

-bash-4.2$ . ./analyze_table_scripts.sql > analyze_table_scripts_run.sql

-bash-4.2$ cat analyze_table_scripts_run.sql
                        ?column?
--------------------------------------------------------
 ANALYZE VERBOSE public."Beneficiaries";
 ANALYZE VERBOSE public."BeneficiariesHistory";
 ANALYZE VERBOSE public."BeneficiariesHistoryTemp";
 ANALYZE VERBOSE public."CarrierClaimLines";
 ANALYZE VERBOSE public."CarrierClaims";
 ANALYZE VERBOSE public."DMEClaimLines";
 ANALYZE VERBOSE public."DMEClaims";
 ANALYZE VERBOSE public."HHAClaimLines";
 ANALYZE VERBOSE public."HHAClaims";
 ANALYZE VERBOSE public."HospiceClaimLines";
 ANALYZE VERBOSE public."HospiceClaims";
 ANALYZE VERBOSE public."InpatientClaimLines";
 ANALYZE VERBOSE public."InpatientClaims";
 ANALYZE VERBOSE public."MedicareBeneficiaryIdHistory";
 ANALYZE VERBOSE public."OutpatientClaimLines";
 ANALYZE VERBOSE public."OutpatientClaims";
 ANALYZE VERBOSE public."PartDEvents";
 ANALYZE VERBOSE public."SNFClaimLines";
 ANALYZE VERBOSE public."SNFClaims";
 ANALYZE VERBOSE public."TestBrandon";
 ANALYZE VERBOSE public."TestBrandon_old";
 ANALYZE VERBOSE public."TestJo";
 ANALYZE VERBOSE public."TestJo_old";
 ANALYZE VERBOSE public."duplicate_record_ids";
 ANALYZE VERBOSE public."schema_version";
 ANALYZE VERBOSE public."synthetic_record_ids";
(26 rows)

-- check row count for each table
-- If this data was capture with the backup file
-- we could have compared before and after restore
-- to ensure rowcount matches for each table.

fhirdb=# SELECT schemaname,relname, n_live_tup FROM pg_stat_user_tables WHERE schemaname='public' ;
 schemaname |           relname            | n_live_tup
------------+------------------------------+------------
 public     | HHAClaims                    |   16481040
 public     | PartDEvents                  | 3999198174
 public     | DMEClaims                    |  162500882
 public     | OutpatientClaimLines         | 3127683852
 public     | schema_version               |         12
 public     | MedicareBeneficiaryIdHistory |         11
 public     | HospiceClaimLines            |  154120160
 public     | HospiceClaims                |    6623856
 public     | synthetic_record_ids         |    1398572
 public     | DMEClaimLines                |  285831216
 public     | SNFClaims                    |   10636056
 public     | BeneficiariesHistoryTemp     |          5
 public     | CarrierClaims                | 2264439282
 public     | TestJo_old                   |          0
 public     | BeneficiariesHistory         |         34
 public     | TestJo                       |          0
 public     | duplicate_record_ids         |          0
 public     | TestBrandon                  |          0
 public     | HHAClaimLines                |  309940695
 public     | SNFClaimLines                |   88069050
 public     | Beneficiaries                |   60000097
 public     | CarrierClaimLines            | 4740414063
 public     | OutpatientClaims             |  452187627
 public     | InpatientClaims              |   25895360
 public     | InpatientClaimLines          |  433019175
 public     | TestBrandon_old              |          0
(26 rows)


